// Jest Snapshot v1, https://goo.gl/fbAQLP

exports[`<GridContent /> should render grid content 1`] = `
.c3 {
  color: #0A1128;
  font-size: 6.4rem;
  text-transform: uppercase;
}

.c1 {
  max-width: 120rem;
  margin: 0 auto;
  padding: 3.2rem;
  width: 100%;
}

.c0 {
  background: #FFFFFF;
  color: #0A1128;
  min-height: 100vh;
  display: flex;
  align-items: center;
}

.c5 {
  font-size: 2.4rem;
}

.c2 {
  text-align: center;
  max-width: 58rem;
  margin: 0 auto;
}

.c4 {
  margin: 6.4rem 0;
}

@media (max-width: 768px) {
  .c3 {
    font-size: 4.0rem;
  }
}

<div>
  <div
    class="c0"
    id=""
  >
    <div
      class="c1"
    >
      <section
        class="c2"
      >
        <h2
          class="c3"
        >
          O titulo
        </h2>
        <div
          class="c4"
        >
          <div
            class="c5"
          >
            

            <p>
              LOREM IPSUM DOLOR SIT AMET, CONSECTETUR ADIPISCING ELIT. CONSEQUENTIA EXQUIRERE, QUOAD SIT ID, QUOD VOLUMUS, EFFECTUM. EFFICIENS DICI POTEST. 
            </p>
            


            <ul>
              
	
              <li>
                SEPTEM AUTEM ILLI NON SUO, SED POPULORUM SUFFRAGIO OMNIUM NOMINATI SUNT.
              </li>
              
	
              <li>
                QUACUMQUE ENIM INGREDIMUR, IN ALIQUA HISTORIA VESTIGIUM PONIMUS.
              </li>
              
	
              <li>
                VULGO ENIM DICITUR: IUCUNDI ACTI LABORES, NEC MALE EURIPIDESCONCLUDAM, SI POTERO, LATINE;
              </li>
              
	
              <li>
                DUO REGES: CONSTRUCTIO INTERRETE.
              </li>
              

            </ul>
            



            <ol>
              
	
              <li>
                TUBULO PUTAS DICERE?
              </li>
              
	
              <li>
                AB HOC AUTEM QUAEDAM NON MELIUS QUAM VETERES, QUAEDAM OMNINO RELICTA.
              </li>
              
	
              <li>
                CUR FORTIOR SIT, SI ILLUD, QUOD TUTE CONCEDIS, ASPERUM ET VIX FERENDUM PUTABIT?
              </li>
              
	
              <li>
                ETSI EA QUIDEM, QUAE ADHUC DIXISTI, QUAMVIS AD AETATEM RECTE ISTO MODO DICERENTUR.
              </li>
              

            </ol>
            



            <blockquote
              cite="HTTP://LORIPSUM.NET"
            >
              
	QUAE DILIGENTISSIME CONTRA ARISTONEM DICUNTUR A CHRYIPPO.

            </blockquote>
            

          </div>
        </div>
      </section>
    </div>
  </div>
</div>
`;

exports[`<GridContent /> should render with background undefined 1`] = `
.c3 {
  color: #0A1128;
  font-size: 6.4rem;
  text-transform: uppercase;
}

.c1 {
  max-width: 120rem;
  margin: 0 auto;
  padding: 3.2rem;
  width: 100%;
}

.c0 {
  background: #FFFFFF;
  color: #0A1128;
  min-height: 100vh;
  display: flex;
  align-items: center;
}

.c5 {
  font-size: 2.4rem;
}

.c2 {
  text-align: center;
  max-width: 58rem;
  margin: 0 auto;
}

.c4 {
  margin: 6.4rem 0;
}

@media (max-width: 768px) {
  .c3 {
    font-size: 4.0rem;
  }
}

<div>
  <div
    class="c0"
    id=""
  >
    <div
      class="c1"
    >
      <section
        class="c2"
      >
        <h2
          class="c3"
        >
          O titulo
        </h2>
        <div
          class="c4"
        >
          <div
            class="c5"
          >
            

            <p>
              LOREM IPSUM DOLOR SIT AMET, CONSECTETUR ADIPISCING ELIT. CONSEQUENTIA EXQUIRERE, QUOAD SIT ID, QUOD VOLUMUS, EFFECTUM. EFFICIENS DICI POTEST. 
            </p>
            


            <ul>
              
	
              <li>
                SEPTEM AUTEM ILLI NON SUO, SED POPULORUM SUFFRAGIO OMNIUM NOMINATI SUNT.
              </li>
              
	
              <li>
                QUACUMQUE ENIM INGREDIMUR, IN ALIQUA HISTORIA VESTIGIUM PONIMUS.
              </li>
              
	
              <li>
                VULGO ENIM DICITUR: IUCUNDI ACTI LABORES, NEC MALE EURIPIDESCONCLUDAM, SI POTERO, LATINE;
              </li>
              
	
              <li>
                DUO REGES: CONSTRUCTIO INTERRETE.
              </li>
              

            </ul>
            



            <ol>
              
	
              <li>
                TUBULO PUTAS DICERE?
              </li>
              
	
              <li>
                AB HOC AUTEM QUAEDAM NON MELIUS QUAM VETERES, QUAEDAM OMNINO RELICTA.
              </li>
              
	
              <li>
                CUR FORTIOR SIT, SI ILLUD, QUOD TUTE CONCEDIS, ASPERUM ET VIX FERENDUM PUTABIT?
              </li>
              
	
              <li>
                ETSI EA QUIDEM, QUAE ADHUC DIXISTI, QUAMVIS AD AETATEM RECTE ISTO MODO DICERENTUR.
              </li>
              

            </ol>
            



            <blockquote
              cite="HTTP://LORIPSUM.NET"
            >
              
	QUAE DILIGENTISSIME CONTRA ARISTONEM DICUNTUR A CHRYIPPO.

            </blockquote>
            

          </div>
        </div>
      </section>
    </div>
  </div>
</div>
`;
